[2025-05-05 22:17:17] ERROR: Ошибка получения данных пользователя
[2025-05-05 22:18:21] ERROR: Ошибка получения данных пользователя
[2025-05-05 22:19:00] ERROR: Ошибка получения данных пользователя
[2025-05-05 22:20:28] INFO: Вход выполнен
[2025-05-05 22:20:28] INFO: Текущий пользователь получен: ID 1, email u1@u1
[2025-05-05 22:20:29] INFO: Текущий пользователь получен: ID 1, email u1@u1
[2025-05-05 22:21:14] INFO: Текущий пользователь получен: ID 1, email u1@u1
[2025-05-05 22:21:25] INFO: Текущий пользователь получен: ID 1, email u1@u1
[2025-05-05 22:21:27] INFO: Текущий пользователь получен: ID 1, email u1@u1
[2025-05-05 22:25:22] INFO: Текущий пользователь получен: ID 1, email u1@u1
[2025-05-05 22:26:17] INFO: Текущий пользователь получен: ID 1, email u1@u1
[2025-05-05 22:26:20] INFO: Выход выполнен
[2025-05-05 22:26:58] INFO: Вход выполнен
[2025-05-05 22:26:58] INFO: Текущий пользователь получен: ID 1, email u1@u1
[2025-05-05 22:26:58] INFO: Текущий пользователь получен: ID 1, email u1@u1
[2025-05-05 22:26:58] INFO: Текущий пользователь получен: ID 1, email u1@u1
[2025-05-05 22:27:00] INFO: Текущий пользователь получен: ID 1, email u1@u1
[2025-05-05 22:27:01] INFO: Текущий пользователь получен: ID 1, email u1@u1
[2025-05-05 22:27:19] INFO: Текущий пользователь получен: ID 1, email u1@u1
[2025-05-05 22:27:21] INFO: Текущий пользователь получен: ID 1, email u1@u1
[2025-05-05 22:27:22] INFO: Текущий пользователь получен: ID 1, email u1@u1
[2025-05-05 22:27:26] INFO: Текущий пользователь получен: ID 1, email u1@u1
[2025-05-05 22:27:26] INFO: Текущий пользователь получен: ID 1, email u1@u1
[2025-05-05 22:27:26] INFO: Текущий пользователь получен: ID 1, email u1@u1
[2025-05-05 22:27:26] INFO: Текущий пользователь получен: ID 1, email u1@u1
[2025-05-05 22:27:27] INFO: Текущий пользователь получен: ID 1, email u1@u1
[2025-05-05 22:27:27] INFO: Текущий пользователь получен: ID 1, email u1@u1
[2025-05-05 22:27:27] INFO: Текущий пользователь получен: ID 1, email u1@u1
[2025-05-05 22:27:27] INFO: Текущий пользователь получен: ID 1, email u1@u1
[2025-05-05 22:27:31] INFO: Текущий пользователь получен: ID 1, email u1@u1
[2025-05-05 22:28:15] INFO: Текущий пользователь получен: ID 1, email u1@u1
[2025-05-05 22:28:15] INFO: Текущий пользователь получен: ID 1, email u1@u1
[2025-05-05 22:28:15] INFO: Текущий пользователь получен: ID 1, email u1@u1
[2025-05-05 22:28:53] INFO: Выход выполнен
[2025-05-05 22:29:09] INFO: Пользователь зарегистрирован: t1@t1
[2025-05-05 22:29:09] INFO: Текущий пользователь получен: ID 4, email t1@t1
[2025-05-05 22:32:07] INFO: Текущий пользователь получен: ID 4, email t1@t1
[2025-05-05 22:34:43] INFO: Текущий пользователь получен: ID 4, email t1@t1
[2025-05-05 22:36:16] INFO: Выход выполнен
[2025-05-05 22:36:28] INFO: Вход выполнен
[2025-05-05 22:36:28] INFO: Текущий пользователь получен: ID 1, email u1@u1
[2025-05-05 22:37:12] INFO: Выход выполнен
[2025-05-05 22:37:12] INFO: Выход выполнен
[2025-05-05 22:37:21] INFO: Вход выполнен
[2025-05-05 22:37:21] INFO: Текущий пользователь получен: ID 4, email t1@t1
[2025-05-05 22:37:25] INFO: Выход выполнен
[2025-05-05 22:38:16] INFO: Вход выполнен
[2025-05-05 22:38:16] INFO: Текущий пользователь получен: ID 1, email u1@u1
[2025-05-05 22:38:50] INFO: Выход выполнен
[2025-05-05 22:39:11] INFO: Вход выполнен
[2025-05-05 22:39:11] INFO: Текущий пользователь получен: ID 1, email u1@u1
[2025-05-05 22:39:23] INFO: Выход выполнен
[2025-05-05 22:39:23] INFO: Выход выполнен
[2025-05-05 22:39:33] INFO: Вход выполнен
[2025-05-05 22:39:33] INFO: Текущий пользователь получен: ID 4, email t1@t1
[2025-05-05 22:39:35] INFO: Выход выполнен
[2025-05-05 22:39:51] INFO: Вход выполнен
[2025-05-05 22:39:51] INFO: Текущий пользователь получен: ID 1, email u1@u1
[2025-05-05 23:15:43] ERROR: Ошибка сохранения отеля: Column 'name' cannot be null
[2025-05-05 23:32:30] INFO: Выход выполнен
[2025-05-05 23:32:48] INFO: Вход выполнен
[2025-05-05 23:32:48] INFO: Текущий пользователь получен: ID 1, email u1@u1
[2025-05-06 00:05:38] INFO: Выход выполнен
[2025-05-06 00:05:48] ERROR: Ошибка получения данных пользователя
[2025-05-06 00:05:51] ERROR: Ошибка получения данных пользователя
[2025-05-06 00:05:53] INFO: Вход выполнен
[2025-05-06 00:05:53] INFO: Текущий пользователь получен: ID 1, email u1@u1
[2025-05-06 16:12:56] ERROR: Ошибка получения данных пользователя
[2025-05-06 16:12:59] ERROR: Ошибка получения данных пользователя
[2025-05-06 16:12:59] ERROR: Ошибка получения данных пользователя
[2025-05-06 16:13:00] ERROR: Ошибка получения данных пользователя
[2025-05-06 16:13:00] ERROR: Ошибка получения данных пользователя
[2025-05-06 16:13:20] INFO: Вход выполнен
[2025-05-06 16:13:20] INFO: Текущий пользователь получен: ID 1, email u1@u1
[2025-05-06 17:06:51] WARNING: Доступ запрещён для пользователя с ID: 1
[2025-05-06 17:06:54] WARNING: Доступ запрещён для пользователя с ID: 1
[2025-05-06 17:06:58] WARNING: Доступ запрещён для пользователя с ID: 1
[2025-05-06 17:07:07] INFO: Выход выполнен
[2025-05-06 17:07:13] INFO: Вход выполнен
[2025-05-06 17:07:14] INFO: Текущий пользователь получен: ID 1, email u1@u1
[2025-05-06 17:07:14] WARNING: Доступ запрещён для пользователя с ID: 1
[2025-05-06 17:39:59] INFO: Выход выполнен
[2025-05-06 17:40:12] INFO: Пользователь зарегистрирован: u2@u2
[2025-05-06 17:47:17] INFO: Выход выполнен
[2025-05-06 17:47:25] INFO: Вход выполнен
[2025-05-06 17:47:25] INFO: Текущий пользователь получен: ID 1, email u1@u1
[2025-05-06 17:53:20] INFO: Выход выполнен
[2025-05-06 17:53:30] INFO: Вход выполнен
[2025-05-06 17:53:30] INFO: Текущий пользователь получен: ID 5, email u2@u2
[2025-05-06 18:00:38] INFO: Выход выполнен
[2025-05-06 18:00:46] INFO: Вход выполнен
[2025-05-06 18:00:46] INFO: Текущий пользователь получен: ID 1, email u1@u1
[2025-05-06 18:00:48] INFO: Выход выполнен
[2025-05-06 18:00:48] INFO: Выход выполнен
[2025-05-06 18:00:56] ERROR: Ошибка получения данных пользователя
[2025-05-06 18:00:58] ERROR: Ошибка получения данных пользователя
[2025-05-06 18:00:59] ERROR: Ошибка получения данных пользователя
[2025-05-06 18:01:06] INFO: Вход выполнен
[2025-05-06 18:01:06] INFO: Текущий пользователь получен: ID 5, email u2@u2
[2025-05-06 18:03:04] INFO: Текущий пользователь получен: ID 5, email u2@u2
[2025-05-06 18:03:07] INFO: Выход выполнен
[2025-05-06 18:03:14] INFO: Вход выполнен
[2025-05-06 18:03:14] INFO: Текущий пользователь получен: ID 1, email u1@u1
[2025-05-06 18:03:14] INFO: Текущий пользователь получен: ID 1, email u1@u1
[2025-05-06 18:03:14] INFO: Текущий пользователь получен: ID 1, email u1@u1
[2025-05-06 18:04:10] INFO: Текущий пользователь получен: ID 1, email u1@u1
[2025-05-06 18:04:10] INFO: Текущий пользователь получен: ID 1, email u1@u1
[2025-05-06 18:04:14] INFO: Выход выполнен
[2025-05-06 18:04:15] INFO: Выход выполнен
[2025-05-06 18:04:21] INFO: Вход выполнен
[2025-05-06 18:04:21] INFO: Текущий пользователь получен: ID 1, email u1@u1
[2025-05-06 18:04:21] INFO: Текущий пользователь получен: ID 1, email u1@u1
[2025-05-06 18:04:21] INFO: Текущий пользователь получен: ID 1, email u1@u1
[2025-05-06 18:04:32] INFO: Текущий пользователь получен: ID 1, email u1@u1
[2025-05-06 18:04:32] INFO: Текущий пользователь получен: ID 1, email u1@u1
[2025-05-06 18:04:49] INFO: Текущий пользователь получен: ID 1, email u1@u1
[2025-05-06 18:04:49] INFO: Текущий пользователь получен: ID 1, email u1@u1
[2025-05-06 18:05:04] INFO: Текущий пользователь получен: ID 1, email u1@u1
[2025-05-06 18:05:04] INFO: Текущий пользователь получен: ID 1, email u1@u1
[2025-05-06 18:05:06] INFO: Текущий пользователь получен: ID 1, email u1@u1
[2025-05-06 18:05:06] INFO: Текущий пользователь получен: ID 1, email u1@u1
[2025-05-06 18:05:08] INFO: Текущий пользователь получен: ID 1, email u1@u1
[2025-05-06 18:05:09] INFO: Текущий пользователь получен: ID 1, email u1@u1
[2025-05-06 18:05:19] INFO: Текущий пользователь получен: ID 1, email u1@u1
[2025-05-06 18:06:43] INFO: Текущий пользователь получен: ID 1, email u1@u1
[2025-05-06 18:06:44] INFO: Текущий пользователь получен: ID 1, email u1@u1
[2025-05-06 18:06:45] INFO: Текущий пользователь получен: ID 1, email u1@u1
[2025-05-06 18:06:46] INFO: Текущий пользователь получен: ID 1, email u1@u1
[2025-05-06 18:06:57] INFO: Текущий пользователь получен: ID 1, email u1@u1
[2025-05-06 18:07:02] INFO: Текущий пользователь получен: ID 1, email u1@u1
[2025-05-06 18:07:03] INFO: Текущий пользователь получен: ID 1, email u1@u1
[2025-05-06 18:07:03] INFO: Текущий пользователь получен: ID 1, email u1@u1
[2025-05-06 18:07:15] INFO: Текущий пользователь получен: ID 1, email u1@u1
[2025-05-06 18:07:16] INFO: Текущий пользователь получен: ID 1, email u1@u1
[2025-05-06 18:07:27] INFO: Текущий пользователь получен: ID 1, email u1@u1
[2025-05-06 18:07:28] INFO: Текущий пользователь получен: ID 1, email u1@u1
[2025-05-06 18:07:29] INFO: Текущий пользователь получен: ID 1, email u1@u1
[2025-05-06 18:07:30] INFO: Выход выполнен
[2025-05-06 18:07:36] INFO: Вход выполнен
[2025-05-06 18:07:36] INFO: Текущий пользователь получен: ID 5, email u2@u2
[2025-05-06 18:07:44] INFO: Текущий пользователь получен: ID 5, email u2@u2
[2025-05-06 18:07:50] INFO: Текущий пользователь получен: ID 5, email u2@u2
[2025-05-06 18:07:51] INFO: Текущий пользователь получен: ID 5, email u2@u2
[2025-05-06 18:07:52] INFO: Текущий пользователь получен: ID 5, email u2@u2
[2025-05-06 18:07:53] INFO: Текущий пользователь получен: ID 5, email u2@u2
[2025-05-06 18:07:54] INFO: Текущий пользователь получен: ID 5, email u2@u2
[2025-05-06 18:07:56] INFO: Текущий пользователь получен: ID 5, email u2@u2
[2025-05-06 18:07:58] INFO: Текущий пользователь получен: ID 5, email u2@u2
[2025-05-06 18:08:00] INFO: Выход выполнен
[2025-05-06 18:08:06] INFO: Вход выполнен
[2025-05-06 18:08:06] INFO: Текущий пользователь получен: ID 1, email u1@u1
[2025-05-06 18:08:06] INFO: Текущий пользователь получен: ID 1, email u1@u1
[2025-05-06 18:08:06] INFO: Текущий пользователь получен: ID 1, email u1@u1
[2025-05-06 18:08:29] INFO: Текущий пользователь получен: ID 1, email u1@u1
[2025-05-06 18:08:29] INFO: Текущий пользователь получен: ID 1, email u1@u1
[2025-05-06 18:08:37] INFO: Текущий пользователь получен: ID 1, email u1@u1
[2025-05-06 18:08:43] INFO: Выход выполнен
[2025-05-06 18:08:50] INFO: Вход выполнен
[2025-05-06 18:08:50] INFO: Текущий пользователь получен: ID 5, email u2@u2
[2025-05-06 18:08:51] INFO: Текущий пользователь получен: ID 5, email u2@u2
[2025-05-06 18:08:54] INFO: Текущий пользователь получен: ID 5, email u2@u2
[2025-05-06 18:14:37] INFO: Текущий пользователь получен: ID 5, email u2@u2
[2025-05-06 18:14:38] INFO: Текущий пользователь получен: ID 5, email u2@u2
[2025-05-06 18:14:53] INFO: Текущий пользователь получен: ID 5, email u2@u2
[2025-05-06 18:14:57] INFO: Текущий пользователь получен: ID 5, email u2@u2
[2025-05-06 18:14:58] INFO: Текущий пользователь получен: ID 5, email u2@u2
[2025-05-06 18:43:58] INFO: Текущий пользователь получен: ID 5, email u2@u2
[2025-05-06 18:44:20] INFO: Текущий пользователь получен: ID 5, email u2@u2
[2025-05-06 18:45:43] INFO: Текущий пользователь получен: ID 5, email u2@u2
[2025-05-06 18:48:03] INFO: Текущий пользователь получен: ID 5, email u2@u2
[2025-05-06 18:48:03] INFO: Текущий пользователь получен: ID 5, email u2@u2
[2025-05-06 18:49:21] INFO: Текущий пользователь получен: ID 5, email u2@u2
[2025-05-06 18:49:21] INFO: Текущий пользователь получен: ID 5, email u2@u2
[2025-05-06 18:49:21] INFO: Текущий пользователь получен: ID 5, email u2@u2
[2025-05-06 18:50:47] INFO: Текущий пользователь получен: ID 5, email u2@u2
[2025-05-06 18:59:27] INFO: Текущий пользователь получен: ID 5, email u2@u2
[2025-05-06 19:00:32] INFO: Текущий пользователь получен: ID 5, email u2@u2
[2025-05-06 19:00:36] INFO: Текущий пользователь получен: ID 5, email u2@u2
[2025-05-06 19:00:37] INFO: Текущий пользователь получен: ID 5, email u2@u2
[2025-05-06 19:00:39] INFO: Текущий пользователь получен: ID 5, email u2@u2
[2025-05-06 19:00:39] INFO: Текущий пользователь получен: ID 5, email u2@u2
[2025-05-06 19:00:40] INFO: Текущий пользователь получен: ID 5, email u2@u2
[2025-05-06 19:00:41] INFO: Текущий пользователь получен: ID 5, email u2@u2
[2025-05-06 19:00:59] INFO: Текущий пользователь получен: ID 5, email u2@u2
[2025-05-06 19:02:46] INFO: Текущий пользователь получен: ID 5, email u2@u2
[2025-05-06 19:02:47] INFO: Текущий пользователь получен: ID 5, email u2@u2
[2025-05-06 19:02:48] INFO: Текущий пользователь получен: ID 5, email u2@u2
[2025-05-06 19:02:59] INFO: Текущий пользователь получен: ID 5, email u2@u2
[2025-05-06 19:05:45] INFO: Текущий пользователь получен: ID 5, email u2@u2
[2025-05-06 19:05:52] INFO: Текущий пользователь получен: ID 5, email u2@u2
[2025-05-06 19:06:17] INFO: Текущий пользователь получен: ID 5, email u2@u2
[2025-05-06 19:06:25] INFO: Текущий пользователь получен: ID 5, email u2@u2
[2025-05-06 19:07:26] INFO: Текущий пользователь получен: ID 5, email u2@u2
[2025-05-06 19:07:32] INFO: Текущий пользователь получен: ID 5, email u2@u2
[2025-05-06 19:07:36] INFO: Текущий пользователь получен: ID 5, email u2@u2
[2025-05-06 19:08:23] INFO: Текущий пользователь получен: ID 5, email u2@u2
[2025-05-06 19:08:30] INFO: Текущий пользователь получен: ID 5, email u2@u2
[2025-05-06 19:08:32] INFO: Текущий пользователь получен: ID 5, email u2@u2
[2025-05-06 19:08:36] INFO: Текущий пользователь получен: ID 5, email u2@u2
[2025-05-06 19:08:39] INFO: Текущий пользователь получен: ID 5, email u2@u2
[2025-05-06 19:08:40] INFO: Текущий пользователь получен: ID 5, email u2@u2
[2025-05-06 19:09:04] INFO: Текущий пользователь получен: ID 5, email u2@u2
[2025-05-06 19:09:12] INFO: Текущий пользователь получен: ID 5, email u2@u2
[2025-05-06 19:09:16] INFO: Текущий пользователь получен: ID 5, email u2@u2
[2025-05-06 19:15:50] INFO: Текущий пользователь получен: ID 5, email u2@u2
[2025-05-06 19:29:14] INFO: Текущий пользователь получен: ID 5, email u2@u2
[2025-05-06 19:29:14] INFO: Текущий пользователь получен: ID 5, email u2@u2
[2025-05-06 19:29:15] INFO: Текущий пользователь получен: ID 5, email u2@u2
[2025-05-06 19:29:15] INFO: Текущий пользователь получен: ID 5, email u2@u2
[2025-05-06 19:29:15] INFO: Текущий пользователь получен: ID 5, email u2@u2
[2025-05-06 19:29:17] INFO: Текущий пользователь получен: ID 5, email u2@u2
[2025-05-06 19:29:17] INFO: Текущий пользователь получен: ID 5, email u2@u2
[2025-05-06 19:29:17] INFO: Текущий пользователь получен: ID 5, email u2@u2
[2025-05-06 19:29:17] INFO: Текущий пользователь получен: ID 5, email u2@u2
[2025-05-06 19:29:18] INFO: Текущий пользователь получен: ID 5, email u2@u2
[2025-05-06 19:29:18] INFO: Текущий пользователь получен: ID 5, email u2@u2
[2025-05-06 19:29:18] INFO: Текущий пользователь получен: ID 5, email u2@u2
[2025-05-06 19:29:18] INFO: Текущий пользователь получен: ID 5, email u2@u2
[2025-05-06 19:29:18] INFO: Текущий пользователь получен: ID 5, email u2@u2
[2025-05-06 19:29:18] INFO: Текущий пользователь получен: ID 5, email u2@u2
[2025-05-06 19:29:19] INFO: Текущий пользователь получен: ID 5, email u2@u2
[2025-05-06 19:29:19] INFO: Текущий пользователь получен: ID 5, email u2@u2
[2025-05-06 19:29:19] INFO: Текущий пользователь получен: ID 5, email u2@u2
[2025-05-06 19:29:20] INFO: Текущий пользователь получен: ID 5, email u2@u2
[2025-05-06 19:29:22] INFO: Текущий пользователь получен: ID 5, email u2@u2
[2025-05-06 19:29:23] INFO: Текущий пользователь получен: ID 5, email u2@u2
[2025-05-06 19:29:24] INFO: Текущий пользователь получен: ID 5, email u2@u2
[2025-05-06 19:29:24] INFO: Текущий пользователь получен: ID 5, email u2@u2
[2025-05-06 19:29:32] INFO: Текущий пользователь получен: ID 5, email u2@u2
[2025-05-06 19:29:36] INFO: Текущий пользователь получен: ID 5, email u2@u2
[2025-05-06 19:29:37] INFO: Текущий пользователь получен: ID 5, email u2@u2
[2025-05-06 19:29:44] INFO: Текущий пользователь получен: ID 5, email u2@u2
[2025-05-06 19:29:45] INFO: Текущий пользователь получен: ID 5, email u2@u2
[2025-05-06 19:30:49] INFO: Текущий пользователь получен: ID 5, email u2@u2
[2025-05-06 19:30:58] INFO: Выход выполнен
[2025-05-06 19:31:35] INFO: Вход выполнен
[2025-05-06 19:31:35] INFO: Текущий пользователь получен: ID 1, email u1@u1
[2025-05-06 19:31:35] INFO: Текущий пользователь получен: ID 1, email u1@u1
[2025-05-06 19:31:35] INFO: Текущий пользователь получен: ID 1, email u1@u1
[2025-05-06 19:31:46] INFO: Текущий пользователь получен: ID 1, email u1@u1
[2025-05-06 19:31:46] INFO: Текущий пользователь получен: ID 1, email u1@u1
[2025-05-06 19:31:47] INFO: Текущий пользователь получен: ID 1, email u1@u1
[2025-05-06 19:31:58] INFO: Текущий пользователь получен: ID 1, email u1@u1
[2025-05-06 19:31:59] INFO: Текущий пользователь получен: ID 1, email u1@u1
[2025-05-06 19:32:00] INFO: Текущий пользователь получен: ID 1, email u1@u1
[2025-05-06 19:32:02] INFO: Текущий пользователь получен: ID 1, email u1@u1
[2025-05-06 19:32:02] INFO: Текущий пользователь получен: ID 1, email u1@u1
[2025-05-06 19:32:12] INFO: Текущий пользователь получен: ID 1, email u1@u1
[2025-05-06 19:32:23] INFO: Текущий пользователь получен: ID 1, email u1@u1
[2025-05-06 19:34:47] INFO: Текущий пользователь получен: ID 1, email u1@u1
[2025-05-06 20:00:43] INFO: Текущий пользователь получен: ID 1, email u1@u1
[2025-05-06 20:56:22] WARNING: Необходима авторизация
[2025-05-06 20:56:23] WARNING: Необходима авторизация
[2025-05-06 20:56:23] WARNING: Необходима авторизация
[2025-05-06 20:56:23] WARNING: Необходима авторизация
[2025-05-06 20:56:23] WARNING: Необходима авторизация
[2025-05-06 20:56:24] INFO: Выход выполнен
[2025-05-06 20:56:24] INFO: Выход выполнен
[2025-05-06 20:56:24] INFO: Выход выполнен
[2025-05-06 20:56:24] INFO: Выход выполнен
[2025-05-06 20:56:25] INFO: Выход выполнен
[2025-05-06 20:56:25] INFO: Выход выполнен
[2025-05-06 20:56:27] INFO: Выход выполнен
[2025-05-06 20:56:27] INFO: Выход выполнен
[2025-05-06 20:56:34] WARNING: Необходима авторизация
[2025-05-06 20:56:34] WARNING: Необходима авторизация
[2025-05-06 20:56:34] WARNING: Необходима авторизация
[2025-05-06 20:56:35] INFO: Выход выполнен
[2025-05-06 20:56:35] INFO: Выход выполнен
[2025-05-06 20:56:35] INFO: Выход выполнен
[2025-05-06 20:56:35] INFO: Выход выполнен
[2025-05-06 20:56:35] INFO: Выход выполнен
[2025-05-06 20:57:59] WARNING: Необходима авторизация
[2025-05-06 20:58:01] WARNING: Необходима авторизация
[2025-05-06 20:58:01] INFO: Выход выполнен
[2025-05-06 20:58:02] INFO: Выход выполнен
[2025-05-06 20:58:02] INFO: Выход выполнен
[2025-05-06 20:58:02] INFO: Выход выполнен
[2025-05-06 20:58:02] INFO: Выход выполнен
[2025-05-06 20:58:02] INFO: Выход выполнен
[2025-05-06 20:58:06] WARNING: Необходима авторизация
[2025-05-06 20:58:06] WARNING: Необходима авторизация
[2025-05-06 20:58:07] WARNING: Необходима авторизация
[2025-05-06 20:58:07] INFO: Выход выполнен
[2025-05-06 20:58:18] WARNING: Необходима авторизация
[2025-05-06 20:58:18] WARNING: Необходима авторизация
[2025-05-06 20:58:18] WARNING: Необходима авторизация
[2025-05-06 20:58:48] WARNING: Необходима авторизация
[2025-05-06 20:58:48] WARNING: Необходима авторизация
[2025-05-06 20:58:48] WARNING: Необходима авторизация
[2025-05-06 20:58:49] INFO: Выход выполнен
[2025-05-06 20:58:49] INFO: Выход выполнен
[2025-05-06 20:58:49] INFO: Выход выполнен
[2025-05-06 20:58:51] INFO: Выход выполнен
[2025-05-06 20:58:53] WARNING: Необходима авторизация
[2025-05-06 20:58:53] WARNING: Необходима авторизация
[2025-05-06 20:58:53] WARNING: Необходима авторизация
[2025-05-06 20:59:04] WARNING: Необходима авторизация
[2025-05-06 20:59:04] WARNING: Необходима авторизация
[2025-05-06 20:59:04] WARNING: Необходима авторизация
[2025-05-06 20:59:06] WARNING: Необходима авторизация
[2025-05-06 20:59:06] WARNING: Необходима авторизация
[2025-05-06 20:59:06] WARNING: Необходима авторизация
[2025-05-06 21:00:34] WARNING: Необходима авторизация
[2025-05-06 21:00:34] WARNING: Необходима авторизация
[2025-05-06 21:00:35] WARNING: Необходима авторизация
[2025-05-06 21:00:35] WARNING: Необходима авторизация
[2025-05-06 21:00:36] WARNING: Необходима авторизация
[2025-05-06 21:00:36] WARNING: Необходима авторизация
[2025-05-06 21:00:37] WARNING: Необходима авторизация
[2025-05-06 21:00:37] WARNING: Необходима авторизация
[2025-05-06 21:00:42] WARNING: Необходима авторизация
[2025-05-06 21:00:42] WARNING: Необходима авторизация
[2025-05-06 21:00:42] WARNING: Необходима авторизация
[2025-05-06 21:00:45] INFO: Выход выполнен
[2025-05-06 21:00:45] INFO: Выход выполнен
[2025-05-06 21:00:45] INFO: Выход выполнен
[2025-05-06 22:06:25] INFO: Вход выполнен
[2025-05-06 22:06:25] INFO: Текущий пользователь получен: ID 1, email u1@u1
[2025-05-06 22:06:25] INFO: Текущий пользователь получен: ID 1, email u1@u1
[2025-05-06 22:06:25] INFO: Текущий пользователь получен: ID 1, email u1@u1
[2025-05-06 22:06:26] INFO: Текущий пользователь получен: ID 1, email u1@u1
[2025-05-06 22:06:28] INFO: Текущий пользователь получен: ID 1, email u1@u1
[2025-05-06 22:06:28] INFO: Текущий пользователь получен: ID 1, email u1@u1
[2025-05-06 22:06:29] INFO: Текущий пользователь получен: ID 1, email u1@u1
[2025-05-06 22:06:33] INFO: Текущий пользователь получен: ID 1, email u1@u1
[2025-05-06 22:06:40] INFO: Текущий пользователь получен: ID 1, email u1@u1
[2025-05-06 22:06:42] INFO: Текущий пользователь получен: ID 1, email u1@u1
[2025-05-06 22:06:45] INFO: Выход выполнен
[2025-05-06 22:06:53] INFO: Вход выполнен
[2025-05-06 22:06:53] INFO: Текущий пользователь получен: ID 5, email u2@u2
[2025-05-06 22:06:53] INFO: Текущий пользователь получен: ID 5, email u2@u2
[2025-05-06 22:06:55] INFO: Текущий пользователь получен: ID 5, email u2@u2
[2025-05-06 22:06:57] INFO: Текущий пользователь получен: ID 5, email u2@u2
[2025-05-06 22:06:58] INFO: Текущий пользователь получен: ID 5, email u2@u2
[2025-05-15 11:58:05] INFO: Вход выполнен
[2025-05-15 11:58:05] INFO: Текущий пользователь получен: ID 1, email u1@u1
[2025-05-15 11:58:05] INFO: Текущий пользователь получен: ID 1, email u1@u1
[2025-05-15 11:58:05] INFO: Текущий пользователь получен: ID 1, email u1@u1
[2025-05-15 11:58:06] INFO: Текущий пользователь получен: ID 1, email u1@u1
[2025-05-15 11:58:07] INFO: Текущий пользователь получен: ID 1, email u1@u1
[2025-05-15 11:58:11] INFO: Текущий пользователь получен: ID 1, email u1@u1
[2025-05-15 11:58:27] INFO: Текущий пользователь получен: ID 1, email u1@u1
[2025-05-15 11:58:31] INFO: Текущий пользователь получен: ID 1, email u1@u1
[2025-05-15 11:58:38] INFO: Текущий пользователь получен: ID 1, email u1@u1
[2025-05-15 11:58:39] INFO: Выход выполнен
[2025-05-15 11:58:46] INFO: Вход выполнен
[2025-05-15 11:58:46] INFO: Текущий пользователь получен: ID 5, email u2@u2
[2025-05-15 11:58:46] INFO: Текущий пользователь получен: ID 5, email u2@u2
[2025-05-15 11:58:51] INFO: Текущий пользователь получен: ID 5, email u2@u2
[2025-05-15 11:58:53] INFO: Текущий пользователь получен: ID 5, email u2@u2
[2025-05-15 11:58:54] INFO: Текущий пользователь получен: ID 5, email u2@u2
[2025-05-15 12:16:21] INFO: Текущий пользователь получен: ID 5, email u2@u2
[2025-05-15 12:32:27] INFO: Текущий пользователь получен: ID 5, email u2@u2
[2025-05-15 12:32:32] INFO: Выход выполнен
[2025-05-15 13:57:01] INFO: Вход выполнен
[2025-05-15 13:57:01] INFO: Текущий пользователь получен: ID 5, email u2@u2
[2025-05-15 13:57:01] INFO: Текущий пользователь получен: ID 5, email u2@u2
[2025-05-15 13:57:05] INFO: Текущий пользователь получен: ID 5, email u2@u2
[2025-05-15 13:58:12] INFO: Текущий пользователь получен: ID 5, email u2@u2
[2025-05-15 13:58:15] INFO: Текущий пользователь получен: ID 5, email u2@u2
[2025-05-15 13:58:15] INFO: Текущий пользователь получен: ID 5, email u2@u2
[2025-05-15 13:58:16] INFO: Текущий пользователь получен: ID 5, email u2@u2
[2025-05-15 13:58:17] INFO: Текущий пользователь получен: ID 5, email u2@u2
[2025-05-15 13:58:17] INFO: Текущий пользователь получен: ID 5, email u2@u2
[2025-05-15 13:58:20] INFO: Текущий пользователь получен: ID 5, email u2@u2
[2025-05-15 14:02:59] INFO: Текущий пользователь получен: ID 5, email u2@u2
[2025-05-15 14:03:02] INFO: Текущий пользователь получен: ID 5, email u2@u2
[2025-05-15 14:10:38] INFO: Текущий пользователь получен: ID 5, email u2@u2
[2025-05-15 14:10:38] INFO: Текущий пользователь получен: ID 5, email u2@u2
[2025-05-15 14:10:39] INFO: Текущий пользователь получен: ID 5, email u2@u2
[2025-05-15 14:10:47] INFO: Текущий пользователь получен: ID 5, email u2@u2
[2025-05-15 14:10:51] INFO: Текущий пользователь получен: ID 5, email u2@u2
[2025-05-15 14:22:42] INFO: Текущий пользователь получен: ID 5, email u2@u2
[2025-05-15 14:22:42] INFO: Текущий пользователь получен: ID 5, email u2@u2
[2025-05-15 14:22:42] INFO: Текущий пользователь получен: ID 5, email u2@u2
[2025-05-15 14:22:42] INFO: Текущий пользователь получен: ID 5, email u2@u2
[2025-05-15 14:22:51] INFO: Текущий пользователь получен: ID 5, email u2@u2
[2025-05-15 14:22:57] INFO: Текущий пользователь получен: ID 5, email u2@u2
[2025-05-15 14:22:58] INFO: Текущий пользователь получен: ID 5, email u2@u2
[2025-05-15 14:23:00] INFO: Выход выполнен
[2025-05-15 14:23:13] INFO: Вход выполнен
[2025-05-15 14:23:13] INFO: Текущий пользователь получен: ID 5, email u2@u2
[2025-05-15 14:23:13] INFO: Текущий пользователь получен: ID 5, email u2@u2
[2025-05-15 14:23:24] INFO: Текущий пользователь получен: ID 5, email u2@u2
[2025-05-15 14:23:30] INFO: Текущий пользователь получен: ID 5, email u2@u2
[2025-05-15 14:36:26] INFO: Текущий пользователь получен: ID 5, email u2@u2
[2025-05-15 14:36:26] INFO: Текущий пользователь получен: ID 5, email u2@u2
[2025-05-15 14:36:26] INFO: Текущий пользователь получен: ID 5, email u2@u2
[2025-05-15 14:36:27] INFO: Текущий пользователь получен: ID 5, email u2@u2
[2025-05-15 14:36:40] INFO: Текущий пользователь получен: ID 5, email u2@u2
[2025-05-15 14:36:43] INFO: Текущий пользователь получен: ID 5, email u2@u2
[2025-05-15 15:00:33] INFO: Текущий пользователь получен: ID 5, email u2@u2
[2025-05-15 15:00:47] INFO: Текущий пользователь получен: ID 5, email u2@u2
[2025-05-15 15:07:02] INFO: Текущий пользователь получен: ID 5, email u2@u2
[2025-05-15 15:07:02] INFO: Текущий пользователь получен: ID 5, email u2@u2
[2025-05-15 15:07:02] INFO: Текущий пользователь получен: ID 5, email u2@u2
[2025-05-15 15:07:03] INFO: Текущий пользователь получен: ID 5, email u2@u2
[2025-05-15 15:07:03] INFO: Текущий пользователь получен: ID 5, email u2@u2
[2025-05-15 15:07:03] INFO: Текущий пользователь получен: ID 5, email u2@u2
[2025-05-15 15:09:53] INFO: Текущий пользователь получен: ID 5, email u2@u2
[2025-05-15 15:10:03] INFO: Текущий пользователь получен: ID 5, email u2@u2
[2025-05-15 15:10:07] INFO: Текущий пользователь получен: ID 5, email u2@u2
[2025-05-15 15:10:07] INFO: Текущий пользователь получен: ID 5, email u2@u2
[2025-05-15 15:10:08] INFO: Текущий пользователь получен: ID 5, email u2@u2
[2025-05-15 15:10:08] INFO: Текущий пользователь получен: ID 5, email u2@u2
[2025-05-15 15:10:19] INFO: Текущий пользователь получен: ID 5, email u2@u2
[2025-05-15 15:12:58] INFO: Текущий пользователь получен: ID 5, email u2@u2
[2025-05-15 15:13:12] INFO: Текущий пользователь получен: ID 5, email u2@u2
[2025-05-15 15:13:16] INFO: Текущий пользователь получен: ID 5, email u2@u2
[2025-05-15 15:13:16] INFO: Текущий пользователь получен: ID 5, email u2@u2
[2025-05-15 15:13:31] INFO: Текущий пользователь получен: ID 5, email u2@u2
[2025-05-15 15:13:33] INFO: Текущий пользователь получен: ID 5, email u2@u2
[2025-05-15 15:13:34] INFO: Текущий пользователь получен: ID 5, email u2@u2
[2025-05-15 15:13:35] INFO: Текущий пользователь получен: ID 5, email u2@u2
[2025-05-15 15:13:36] INFO: Выход выполнен
[2025-05-15 15:13:46] INFO: Вход выполнен
[2025-05-15 15:13:46] INFO: Текущий пользователь получен: ID 1, email u1@u1
[2025-05-15 15:13:46] INFO: Текущий пользователь получен: ID 1, email u1@u1
[2025-05-15 15:13:46] INFO: Текущий пользователь получен: ID 1, email u1@u1
[2025-05-15 15:13:47] WARNING: Доступ запрещён для пользователя с ID: 1
[2025-05-15 15:13:49] INFO: Текущий пользователь получен: ID 1, email u1@u1
[2025-05-15 15:13:49] INFO: Текущий пользователь получен: ID 1, email u1@u1
[2025-05-15 15:13:50] INFO: Текущий пользователь получен: ID 1, email u1@u1
[2025-05-15 15:13:50] INFO: Текущий пользователь получен: ID 1, email u1@u1
[2025-05-15 15:13:50] INFO: Текущий пользователь получен: ID 1, email u1@u1
[2025-05-15 15:13:50] INFO: Текущий пользователь получен: ID 1, email u1@u1
[2025-05-15 15:13:51] INFO: Текущий пользователь получен: ID 1, email u1@u1
[2025-05-15 15:13:52] WARNING: Доступ запрещён для пользователя с ID: 1
[2025-05-15 15:14:36] INFO: Текущий пользователь получен: ID 1, email u1@u1
[2025-05-15 15:14:43] INFO: Текущий пользователь получен: ID 1, email u1@u1
[2025-05-15 15:14:43] INFO: Текущий пользователь получен: ID 1, email u1@u1
[2025-05-15 15:14:47] INFO: Текущий пользователь получен: ID 1, email u1@u1
[2025-05-15 15:14:49] INFO: Текущий пользователь получен: ID 1, email u1@u1
[2025-05-15 15:14:49] INFO: Выход выполнен
[2025-05-15 15:14:57] INFO: Вход выполнен
[2025-05-15 15:14:57] INFO: Текущий пользователь получен: ID 5, email u2@u2
[2025-05-15 15:14:57] INFO: Текущий пользователь получен: ID 5, email u2@u2
[2025-05-15 15:14:59] INFO: Текущий пользователь получен: ID 5, email u2@u2
[2025-05-15 15:15:01] INFO: Текущий пользователь получен: ID 5, email u2@u2
[2025-05-15 15:15:03] INFO: Текущий пользователь получен: ID 5, email u2@u2
[2025-05-15 15:15:03] INFO: Текущий пользователь получен: ID 5, email u2@u2
[2025-05-15 15:15:03] INFO: Текущий пользователь получен: ID 5, email u2@u2
[2025-05-15 15:15:03] INFO: Текущий пользователь получен: ID 5, email u2@u2
[2025-05-15 15:15:14] INFO: Выход выполнен
[2025-05-15 15:15:20] INFO: Вход выполнен
[2025-05-15 15:15:20] INFO: Текущий пользователь получен: ID 1, email u1@u1
[2025-05-15 15:15:20] INFO: Текущий пользователь получен: ID 1, email u1@u1
[2025-05-15 15:15:20] INFO: Текущий пользователь получен: ID 1, email u1@u1
[2025-05-15 15:15:22] INFO: Текущий пользователь получен: ID 1, email u1@u1
[2025-05-15 15:20:03] INFO: Текущий пользователь получен: ID 1, email u1@u1
[2025-05-15 15:20:08] INFO: Текущий пользователь получен: ID 1, email u1@u1
[2025-05-15 15:20:09] INFO: Выход выполнен
[2025-05-15 15:20:18] INFO: Вход выполнен
[2025-05-15 15:20:18] INFO: Текущий пользователь получен: ID 5, email u2@u2
[2025-05-15 15:20:18] INFO: Текущий пользователь получен: ID 5, email u2@u2
[2025-05-15 15:22:00] INFO: Текущий пользователь получен: ID 5, email u2@u2
[2025-05-15 15:22:02] INFO: Текущий пользователь получен: ID 5, email u2@u2
[2025-05-15 15:22:44] INFO: Вход выполнен
[2025-05-15 15:22:44] INFO: Текущий пользователь получен: ID 1, email u1@u1
[2025-05-15 15:22:45] INFO: Текущий пользователь получен: ID 1, email u1@u1
[2025-05-15 15:22:45] INFO: Текущий пользователь получен: ID 1, email u1@u1
[2025-05-15 15:22:46] INFO: Текущий пользователь получен: ID 1, email u1@u1
[2025-05-15 15:22:52] INFO: Выход выполнен
[2025-05-15 15:23:01] INFO: Вход выполнен
[2025-05-15 15:23:01] INFO: Текущий пользователь получен: ID 5, email u2@u2
[2025-05-15 15:23:01] INFO: Текущий пользователь получен: ID 5, email u2@u2
[2025-05-15 15:23:05] INFO: Текущий пользователь получен: ID 5, email u2@u2
[2025-05-15 15:23:05] INFO: Текущий пользователь получен: ID 5, email u2@u2
[2025-05-15 15:23:06] INFO: Текущий пользователь получен: ID 5, email u2@u2
[2025-05-15 15:23:07] INFO: Текущий пользователь получен: ID 5, email u2@u2
[2025-05-15 15:24:20] INFO: Выход выполнен
[2025-05-15 15:24:25] INFO: Вход выполнен
[2025-05-15 15:24:25] INFO: Текущий пользователь получен: ID 1, email u1@u1
[2025-05-15 15:24:25] INFO: Текущий пользователь получен: ID 1, email u1@u1
[2025-05-15 15:24:25] INFO: Текущий пользователь получен: ID 1, email u1@u1
[2025-05-15 15:24:27] INFO: Текущий пользователь получен: ID 1, email u1@u1
[2025-05-15 15:24:29] INFO: Текущий пользователь получен: ID 1, email u1@u1
[2025-05-15 15:24:33] INFO: Текущий пользователь получен: ID 1, email u1@u1
[2025-05-15 15:24:36] INFO: Текущий пользователь получен: ID 1, email u1@u1
[2025-05-15 15:24:38] INFO: Выход выполнен
[2025-05-15 15:24:44] INFO: Вход выполнен
[2025-05-15 15:24:44] INFO: Текущий пользователь получен: ID 5, email u2@u2
[2025-05-15 15:24:44] INFO: Текущий пользователь получен: ID 5, email u2@u2
[2025-05-15 15:24:46] INFO: Текущий пользователь получен: ID 5, email u2@u2
[2025-05-15 15:25:03] INFO: Текущий пользователь получен: ID 5, email u2@u2
